src/__tests__/CountdownTimer.test.tsx(2,32): error TS2307: Cannot find module '@testing-library/react' or its corresponding type declarations.
src/__tests__/CountdownTimer.test.tsx(7,42): error TS2322: Type 'number' is not assignable to type '"sm" | "md" | "lg" | undefined'.
src/__tests__/CountdownTimer.test.tsx(8,40): error TS2339: Property 'toBeInTheDocument' does not exist on type 'JestMatchers<any>'.
src/__tests__/CountdownTimer.test.tsx(9,42): error TS2339: Property 'toBeInTheDocument' does not exist on type 'JestMatchers<any>'.
src/__tests__/CountdownTimer.test.tsx(13,64): error TS2322: Type 'number' is not assignable to type '"sm" | "md" | "lg" | undefined'.
src/__tests__/CountdownTimer.test.tsx(15,24): error TS2339: Property 'toHaveAttribute' does not exist on type 'JestMatchers<any>'.
src/__tests__/CountdownTimer.test.tsx(19,63): error TS2322: Type 'number' is not assignable to type '"sm" | "md" | "lg" | undefined'.
src/__tests__/CountdownTimer.test.tsx(21,24): error TS2339: Property 'toHaveAttribute' does not exist on type 'JestMatchers<any>'.
src/__tests__/CountdownTimer.test.tsx(25,63): error TS2322: Type 'number' is not assignable to type '"sm" | "md" | "lg" | undefined'.
src/__tests__/CountdownTimer.test.tsx(27,24): error TS2339: Property 'toHaveAttribute' does not exist on type 'JestMatchers<any>'.
src/__tests__/CountdownTimer.test.tsx(31,63): error TS2322: Type 'number' is not assignable to type '"sm" | "md" | "lg" | undefined'.
src/__tests__/CountdownTimer.test.tsx(33,28): error TS2339: Property 'toBeInTheDocument' does not exist on type 'JestMatchers<any>'.
src/__tests__/CountdownTimer.test.tsx(37,64): error TS2322: Type 'number' is not assignable to type '"sm" | "md" | "lg" | undefined'.
src/__tests__/CountdownTimer.test.tsx(40,32): error TS2339: Property 'toBeInTheDocument' does not exist on type 'JestMatchers<any>'.
src/__tests__/CountdownTimer.test.tsx(44,41): error TS2322: Type 'number' is not assignable to type '"sm" | "md" | "lg" | undefined'.
src/__tests__/CountdownTimer.test.tsx(45,39): error TS2339: Property 'toBeInTheDocument' does not exist on type 'JestMatchers<any>'.
src/__tests__/CountdownTimer.test.tsx(49,64): error TS2322: Type 'number' is not assignable to type '"sm" | "md" | "lg" | undefined'.
src/__tests__/CountdownTimer.test.tsx(51,21): error TS2339: Property 'toHaveAttribute' does not exist on type 'JestMatchers<any>'.
src/__tests__/CountdownTimer.test.tsx(52,21): error TS2339: Property 'toHaveAttribute' does not exist on type 'JestMatchers<any>'.
